
> frontend@0.0.0 build
> tsc -b && vite build

src/components/ErrorBoundary.tsx(2,26): error TS6196: 'ErrorInfo' is declared but never used.
src/pages/Dashboard.tsx(1,31): error TS6133: 'useRef' is declared but its value is never read.
src/pages/doctor/DoctorPatients.tsx(6,12): error TS6133: 'profile' is declared but its value is never read.
src/pages/patient/PatientAppointments.tsx(6,12): error TS6133: 'profile' is declared but its value is never read.
src/test/Login.test.tsx(1,37): error TS6133: 'waitFor' is declared but its value is never read.
