
> frontend@0.0.0 test
> vitest run --watchAll=false

node.exe : file:///C:/U
sers/ACER/OneDrive/Desk
top/HMS/HMS/frontend/no
de_modules/vitest/dist/
chunks/cac.DVeoLl0M.js:
404
At line:1 char:1
+ & "C:\Program 
Files\nodejs/node.exe" 
"C:\Users\ACER\AppData\
Roaming\n ...
+ ~~~~~~~~~~~~~~~~~~~~~
~~~~~~~~~~~~~~~~~~~~~~~
~~~~~~~~~~~~~~~~~~~~~~~
~~
    + CategoryInfo     
         : NotSpecifi  
  ed: (file:///C:/Us   
 er...DVeoLl0M.js:4    
04:String) [], Rem    
oteException
    + FullyQualifiedEr 
   rorId : NativeComm  
  andError
 
          throw new 
CACError(`Unknown 
option \`${name.length 
> 1 ? `--${name}` : 
`-${name}`}\``);
                ^

CACError: Unknown 
option `--watchAll`
    at Command.checkUnk
nownOptions (file:///C:
/Users/ACER/OneDrive/De
sktop/HMS/HMS/frontend/
node_modules/vitest/dis
t/chunks/cac.DVeoLl0M.j
s:404:17)
    at 
CAC.runMatchedCommand (
file:///C:/Users/ACER/O
neDrive/Desktop/HMS/HMS
/frontend/node_modules/
vitest/dist/chunks/cac.
DVeoLl0M.js:604:13)
    at CAC.parse (file:
///C:/Users/ACER/OneDri
ve/Desktop/HMS/HMS/fron
tend/node_modules/vites
t/dist/chunks/cac.DVeoL
l0M.js:545:12)
    at file:///C:/Users
/ACER/OneDrive/Desktop/
HMS/HMS/frontend/node_m
odules/vitest/dist/cli.
js:28:13
    at ModuleJob.run (n
ode:internal/modules/es
m/module_job:345:25)
    at async onImport.t
racePromise.__proto__ (
node:internal/modules/e
sm/loader:665:26)
    at async asyncRunEn
tryPointWithESMLoader (
node:internal/modules/r
un_main:117:5)

Node.js v22.20.0
