[INFO] Scanning for projects...
[INFO] 
[INFO] -----------------------< com.vishal:hms-backend >-----------------------
[INFO] Building hms-backend 0.0.1-SNAPSHOT
[INFO]   from pom.xml
[INFO] --------------------------------[ jar ]---------------------------------
[INFO] 
[INFO] --- resources:3.3.1:resources (default-resources) @ hms-backend ---
[INFO] Copying 1 resource from src\main\resources to target\classes
[INFO] Copying 0 resource from src\main\resources to target\classes
[INFO] 
[INFO] --- compiler:3.14.1:compile (default-compile) @ hms-backend ---
[INFO] Nothing to compile - all classes are up to date.
[INFO] 
[INFO] --- resources:3.3.1:testResources (default-testResources) @ hms-backend ---
[INFO] skip non existing resourceDirectory C:\Users\ACER\OneDrive\Desktop\HMS\HMS\backend\src\test\resources
[INFO] 
[INFO] --- compiler:3.14.1:testCompile (default-testCompile) @ hms-backend ---
[INFO] Recompiling the module because of changed source code.
[INFO] Compiling 2 source files with javac [debug parameters release 17] to target\test-classes
[INFO] 
[INFO] --- surefire:3.5.4:test (default-test) @ hms-backend ---
[INFO] Using auto detected provider org.apache.maven.surefire.junitplatform.JUnitPlatformProvider
[INFO] 
[INFO] -------------------------------------------------------
[INFO]  T E S T S
[INFO] -------------------------------------------------------
[INFO] Running com.vishal.hms_backend.integration.PatientControllerSecurityIT
16:27:04.062 [main] INFO org.springframework.test.context.support.AnnotationConfigContextLoaderUtils -- Could not detect default configuration classes for test class [com.vishal.hms_backend.integration.PatientControllerSecurityIT]: PatientControllerSecurityIT does not declare any static, non-private, non-final, nested classes annotated with @Configuration.
16:27:04.297 [main] INFO org.springframework.boot.test.context.SpringBootTestContextBootstrapper -- Found @SpringBootConfiguration com.vishal.hms_backend.HmsBackendApplication for test class com.vishal.hms_backend.integration.PatientControllerSecurityIT

  .   ____          _            __ _ _
 /\\ / ___'_ __ _ _(_)_ __  __ _ \ \ \ \
( ( )\___ | '_ | '_| | '_ \/ _` | \ \ \ \
 \\/  ___)| |_)| | | | | || (_| |  ) ) ) )
  '  |____| .__|_| |_|_| |_\__, | / / / /
 =========|_|==============|___/=/_/_/_/

 :: Spring Boot ::               (v3.5.10)

2026-02-06T16:27:05.068+05:30  INFO 9388 --- [hms-backend] [           main] c.v.h.i.PatientControllerSecurityIT      : Starting PatientControllerSecurityIT using Java 17.0.3 with PID 9388 (started by ACER in C:\Users\ACER\OneDrive\Desktop\HMS\HMS\backend)
2026-02-06T16:27:05.072+05:30  INFO 9388 --- [hms-backend] [           main] c.v.h.i.PatientControllerSecurityIT      : The following 1 profile is active: "test"
2026-02-06T16:27:06.784+05:30  INFO 9388 --- [hms-backend] [           main] .s.d.r.c.RepositoryConfigurationDelegate : Bootstrapping Spring Data JPA repositories in DEFAULT mode.
2026-02-06T16:27:06.933+05:30  INFO 9388 --- [hms-backend] [           main] .s.d.r.c.RepositoryConfigurationDelegate : Finished Spring Data repository scanning in 123 ms. Found 2 JPA repository interfaces.
2026-02-06T16:27:08.115+05:30  INFO 9388 --- [hms-backend] [           main] o.hibernate.jpa.internal.util.LogHelper  : HHH000204: Processing PersistenceUnitInfo [name: default]
2026-02-06T16:27:08.276+05:30  INFO 9388 --- [hms-backend] [           main] org.hibernate.Version                    : HHH000412: Hibernate ORM core version 6.6.41.Final
2026-02-06T16:27:08.352+05:30  INFO 9388 --- [hms-backend] [           main] o.h.c.internal.RegionFactoryInitiator    : HHH000026: Second-level cache disabled
2026-02-06T16:27:09.102+05:30  INFO 9388 --- [hms-backend] [           main] o.s.o.j.p.SpringPersistenceUnitInfo      : No LoadTimeWeaver setup: ignoring JPA class transformer
2026-02-06T16:27:09.173+05:30  INFO 9388 --- [hms-backend] [           main] com.zaxxer.hikari.HikariDataSource       : HikariPool-1 - Starting...
2026-02-06T16:27:09.457+05:30  INFO 9388 --- [hms-backend] [           main] com.zaxxer.hikari.pool.HikariPool        : HikariPool-1 - Added connection com.mysql.cj.jdbc.ConnectionImpl@1a67f8b4
2026-02-06T16:27:09.461+05:30  INFO 9388 --- [hms-backend] [           main] com.zaxxer.hikari.HikariDataSource       : HikariPool-1 - Start completed.
2026-02-06T16:27:09.537+05:30  WARN 9388 --- [hms-backend] [           main] org.hibernate.orm.deprecation            : HHH90000025: MySQLDialect does not need to be specified explicitly using 'hibernate.dialect' (remove the property setting and it will be selected by default)
2026-02-06T16:27:09.565+05:30  INFO 9388 --- [hms-backend] [           main] org.hibernate.orm.connections.pooling    : HHH10001005: Database info:
	Database JDBC URL [Connecting through datasource 'HikariDataSource (HikariPool-1)']
	Database driver: undefined/unknown
	Database version: 8.0.44
	Autocommit mode: undefined/unknown
	Isolation level: undefined/unknown
	Minimum pool size: undefined/unknown
	Maximum pool size: undefined/unknown
2026-02-06T16:27:11.004+05:30  INFO 9388 --- [hms-backend] [           main] o.h.e.t.j.p.i.JtaPlatformInitiator       : HHH000489: No JTA platform available (set 'hibernate.transaction.jta.platform' to enable JTA platform integration)
2026-02-06T16:27:11.095+05:30  INFO 9388 --- [hms-backend] [           main] j.LocalContainerEntityManagerFactoryBean : Initialized JPA EntityManagerFactory for persistence unit 'default'
2026-02-06T16:27:11.828+05:30  INFO 9388 --- [hms-backend] [           main] eAuthenticationProviderManagerConfigurer : Global AuthenticationManager configured with AuthenticationProvider bean with name authenticationProvider
2026-02-06T16:27:11.829+05:30  WARN 9388 --- [hms-backend] [           main] r$InitializeUserDetailsManagerConfigurer : Global AuthenticationManager configured with an AuthenticationProvider bean. UserDetailsService beans will not be used by Spring Security for automatically configuring username/password login. Consider removing the AuthenticationProvider bean. Alternatively, consider using the UserDetailsService in a manually instantiated DaoAuthenticationProvider. If the current configuration is intentional, to turn off this warning, increase the logging level of 'org.springframework.security.config.annotation.authentication.configuration.InitializeUserDetailsBeanManagerConfigurer' to ERROR
2026-02-06T16:27:12.220+05:30  WARN 9388 --- [hms-backend] [           main] JpaBaseConfiguration$JpaWebConfiguration : spring.jpa.open-in-view is enabled by default. Therefore, database queries may be performed during view rendering. Explicitly configure spring.jpa.open-in-view to disable this warning
2026-02-06T16:27:13.876+05:30  INFO 9388 --- [hms-backend] [           main] o.s.b.t.m.w.SpringBootMockServletContext : Initializing Spring TestDispatcherServlet ''
2026-02-06T16:27:13.876+05:30  INFO 9388 --- [hms-backend] [           main] o.s.t.web.servlet.TestDispatcherServlet  : Initializing Servlet ''
2026-02-06T16:27:13.879+05:30  INFO 9388 --- [hms-backend] [           main] o.s.t.web.servlet.TestDispatcherServlet  : Completed initialization in 2 ms
2026-02-06T16:27:13.923+05:30  INFO 9388 --- [hms-backend] [           main] c.v.h.i.PatientControllerSecurityIT      : Started PatientControllerSecurityIT in 9.39 seconds (process running for 11.069)
./mvnw : OpenJDK 
64-Bit Server VM 
warning: Sharing is 
only supported for 
boot loader classes 
because bootstrap 
classpath has been 
appended
At line:1 char:1
+ ./mvnw test -Dtest=
PatientControllerSecu
rityIT > 
test_output.txt 2>&1
+ ~~~~~~~~~~~~~~~~~~~
~~~~~~~~~~~~~~~~~~~~~
~~~~~~~~~~~~~~~~~~~~~
~~~~~~~~
    + CategoryInfo   
           : NotSpe  
  cified: (OpenJDK   
  64-Bit ...s bee    
n appended:Strin    
g) [], RemoteExc    
eption
    + FullyQualified 
   ErrorId : Native  
  CommandError
 
Hibernate: select u1_0.id,u1_0.password,u1_0.role,u1_0.username from users u1_0
Hibernate: select p1_0.id,p1_0.age,p1_0.email,p1_0.medical_history,p1_0.name,p1_0.phone_number from patients p1_0
Hibernate: select u1_0.id,u1_0.password,u1_0.role,u1_0.username from users u1_0 where u1_0.username=?
Hibernate: insert into users (password,role,username) values (?,?,?)
Hibernate: select u1_0.id,u1_0.password,u1_0.role,u1_0.username from users u1_0 where u1_0.username=?
Hibernate: select u1_0.id,u1_0.password,u1_0.role,u1_0.username from users u1_0 where u1_0.username=?
Hibernate: insert into users (password,role,username) values (?,?,?)
Hibernate: select u1_0.id,u1_0.password,u1_0.role,u1_0.username from users u1_0 where u1_0.username=?
Hibernate: select u1_0.id,u1_0.password,u1_0.role,u1_0.username from users u1_0 where u1_0.username=?
Hibernate: insert into users (password,role,username) values (?,?,?)
Hibernate: select u1_0.id,u1_0.password,u1_0.role,u1_0.username from users u1_0 where u1_0.username=?
Hibernate: select u1_0.id,u1_0.password,u1_0.role,u1_0.username from users u1_0 where u1_0.username=?
2026-02-06T16:27:18.402+05:30  INFO 9388 --- [hms-backend] [           main] c.v.hms_backend.service.PatientService   : Creating new patient: Aarav Sharma
Hibernate: select p1_0.id from patients p1_0 where p1_0.email is null limit ?
Hibernate: insert into patients (age,email,medical_history,name,phone_number) values (?,?,?,?,?)
2026-02-06T16:27:18.422+05:30  INFO 9388 --- [hms-backend] [           main] c.v.hms_backend.service.PatientService   : Patient created successfully with id: 19
Hibernate: select u1_0.id,u1_0.password,u1_0.role,u1_0.username from users u1_0 where u1_0.username=?
2026-02-06T16:27:18.461+05:30  INFO 9388 --- [hms-backend] [           main] c.v.hms_backend.service.PatientService   : Fetching patient with id: 19
Hibernate: select p1_0.id,p1_0.age,p1_0.email,p1_0.medical_history,p1_0.name,p1_0.phone_number from patients p1_0 where p1_0.id=?
Hibernate: select u1_0.id,u1_0.password,u1_0.role,u1_0.username from users u1_0
Hibernate: delete from users where id=?
Hibernate: delete from users where id=?
Hibernate: delete from users where id=?
Hibernate: select p1_0.id,p1_0.age,p1_0.email,p1_0.medical_history,p1_0.name,p1_0.phone_number from patients p1_0
Hibernate: delete from patients where id=?
Hibernate: select u1_0.id,u1_0.password,u1_0.role,u1_0.username from users u1_0 where u1_0.username=?
Hibernate: insert into users (password,role,username) values (?,?,?)
Hibernate: select u1_0.id,u1_0.password,u1_0.role,u1_0.username from users u1_0 where u1_0.username=?
Hibernate: select u1_0.id,u1_0.password,u1_0.role,u1_0.username from users u1_0 where u1_0.username=?
Hibernate: insert into users (password,role,username) values (?,?,?)
Hibernate: select u1_0.id,u1_0.password,u1_0.role,u1_0.username from users u1_0 where u1_0.username=?
Hibernate: select u1_0.id,u1_0.password,u1_0.role,u1_0.username from users u1_0 where u1_0.username=?
Hibernate: insert into users (password,role,username) values (?,?,?)
Hibernate: select u1_0.id,u1_0.password,u1_0.role,u1_0.username from users u1_0 where u1_0.username=?
Hibernate: select u1_0.id,u1_0.password,u1_0.role,u1_0.username from users u1_0 where u1_0.username=?
2026-02-06T16:27:21.152+05:30  INFO 9388 --- [hms-backend] [           main] c.v.hms_backend.service.PatientService   : Creating new patient: Patient To Delete
Hibernate: select p1_0.id from patients p1_0 where p1_0.email is null limit ?
Hibernate: insert into patients (age,email,medical_history,name,phone_number) values (?,?,?,?,?)
2026-02-06T16:27:21.161+05:30  INFO 9388 --- [hms-backend] [           main] c.v.hms_backend.service.PatientService   : Patient created successfully with id: 20
Hibernate: select u1_0.id,u1_0.password,u1_0.role,u1_0.username from users u1_0 where u1_0.username=?
Hibernate: select u1_0.id,u1_0.password,u1_0.role,u1_0.username from users u1_0 where u1_0.username=?
Hibernate: select u1_0.id,u1_0.password,u1_0.role,u1_0.username from users u1_0 where u1_0.username=?
2026-02-06T16:27:21.206+05:30  INFO 9388 --- [hms-backend] [           main] c.v.hms_backend.service.PatientService   : Deleting patient id: 20
Hibernate: select count(*) from patients p1_0 where p1_0.id=?
Hibernate: select p1_0.id,p1_0.age,p1_0.email,p1_0.medical_history,p1_0.name,p1_0.phone_number from patients p1_0 where p1_0.id=?
2026-02-06T16:27:21.498+05:30  INFO 9388 --- [hms-backend] [           main] c.v.hms_backend.service.PatientService   : Patient deleted successfully
Hibernate: delete from patients where id=?
Hibernate: select u1_0.id,u1_0.password,u1_0.role,u1_0.username from users u1_0
Hibernate: delete from users where id=?
Hibernate: delete from users where id=?
Hibernate: delete from users where id=?
Hibernate: select p1_0.id,p1_0.age,p1_0.email,p1_0.medical_history,p1_0.name,p1_0.phone_number from patients p1_0
Hibernate: select u1_0.id,u1_0.password,u1_0.role,u1_0.username from users u1_0 where u1_0.username=?
Hibernate: insert into users (password,role,username) values (?,?,?)
Hibernate: select u1_0.id,u1_0.password,u1_0.role,u1_0.username from users u1_0 where u1_0.username=?
Hibernate: select u1_0.id,u1_0.password,u1_0.role,u1_0.username from users u1_0 where u1_0.username=?
Hibernate: insert into users (password,role,username) values (?,?,?)
Hibernate: select u1_0.id,u1_0.password,u1_0.role,u1_0.username from users u1_0 where u1_0.username=?
Hibernate: select u1_0.id,u1_0.password,u1_0.role,u1_0.username from users u1_0 where u1_0.username=?
Hibernate: insert into users (password,role,username) values (?,?,?)
Hibernate: select u1_0.id,u1_0.password,u1_0.role,u1_0.username from users u1_0 where u1_0.username=?
Hibernate: select u1_0.id,u1_0.password,u1_0.role,u1_0.username from users u1_0 where u1_0.username=?
Hibernate: select u1_0.id,u1_0.password,u1_0.role,u1_0.username from users u1_0
Hibernate: delete from users where id=?
Hibernate: delete from users where id=?
Hibernate: delete from users where id=?
Hibernate: select p1_0.id,p1_0.age,p1_0.email,p1_0.medical_history,p1_0.name,p1_0.phone_number from patients p1_0
Hibernate: select u1_0.id,u1_0.password,u1_0.role,u1_0.username from users u1_0 where u1_0.username=?
Hibernate: insert into users (password,role,username) values (?,?,?)
Hibernate: select u1_0.id,u1_0.password,u1_0.role,u1_0.username from users u1_0 where u1_0.username=?
Hibernate: select u1_0.id,u1_0.password,u1_0.role,u1_0.username from users u1_0 where u1_0.username=?
Hibernate: insert into users (password,role,username) values (?,?,?)
Hibernate: select u1_0.id,u1_0.password,u1_0.role,u1_0.username from users u1_0 where u1_0.username=?
Hibernate: select u1_0.id,u1_0.password,u1_0.role,u1_0.username from users u1_0 where u1_0.username=?
Hibernate: insert into users (password,role,username) values (?,?,?)
Hibernate: select u1_0.id,u1_0.password,u1_0.role,u1_0.username from users u1_0 where u1_0.username=?
Hibernate: select u1_0.id,u1_0.password,u1_0.role,u1_0.username from users u1_0 where u1_0.username=?
2026-02-06T16:27:26.516+05:30  INFO 9388 --- [hms-backend] [           main] c.v.hms_backend.service.PatientService   : Creating new patient: Aarav Sharma
Hibernate: select p1_0.id from patients p1_0 where p1_0.email is null limit ?
Hibernate: insert into patients (age,email,medical_history,name,phone_number) values (?,?,?,?,?)
2026-02-06T16:27:26.522+05:30  INFO 9388 --- [hms-backend] [           main] c.v.hms_backend.service.PatientService   : Patient created successfully with id: 21
Hibernate: select u1_0.id,u1_0.password,u1_0.role,u1_0.username from users u1_0 where u1_0.username=?
2026-02-06T16:27:26.539+05:30  INFO 9388 --- [hms-backend] [           main] c.v.hms_backend.service.PatientService   : Fetching patient with id: 21
Hibernate: select p1_0.id,p1_0.age,p1_0.email,p1_0.medical_history,p1_0.name,p1_0.phone_number from patients p1_0 where p1_0.id=?
Hibernate: select u1_0.id,u1_0.password,u1_0.role,u1_0.username from users u1_0
Hibernate: delete from users where id=?
Hibernate: delete from users where id=?
Hibernate: delete from users where id=?
Hibernate: select p1_0.id,p1_0.age,p1_0.email,p1_0.medical_history,p1_0.name,p1_0.phone_number from patients p1_0
Hibernate: delete from patients where id=?
Hibernate: select u1_0.id,u1_0.password,u1_0.role,u1_0.username from users u1_0 where u1_0.username=?
Hibernate: insert into users (password,role,username) values (?,?,?)
Hibernate: select u1_0.id,u1_0.password,u1_0.role,u1_0.username from users u1_0 where u1_0.username=?
Hibernate: select u1_0.id,u1_0.password,u1_0.role,u1_0.username from users u1_0 where u1_0.username=?
Hibernate: insert into users (password,role,username) values (?,?,?)
Hibernate: select u1_0.id,u1_0.password,u1_0.role,u1_0.username from users u1_0 where u1_0.username=?
Hibernate: select u1_0.id,u1_0.password,u1_0.role,u1_0.username from users u1_0 where u1_0.username=?
Hibernate: insert into users (password,role,username) values (?,?,?)
Hibernate: select u1_0.id,u1_0.password,u1_0.role,u1_0.username from users u1_0 where u1_0.username=?
Hibernate: select u1_0.id,u1_0.password,u1_0.role,u1_0.username from users u1_0 where u1_0.username=?
2026-02-06T16:27:29.042+05:30  INFO 9388 --- [hms-backend] [           main] c.v.hms_backend.service.PatientService   : Creating new patient: Aarav Sharma
Hibernate: select p1_0.id from patients p1_0 where p1_0.email=? limit ?
Hibernate: insert into patients (age,email,medical_history,name,phone_number) values (?,?,?,?,?)
2026-02-06T16:27:29.050+05:30  INFO 9388 --- [hms-backend] [           main] c.v.hms_backend.service.PatientService   : Patient created successfully with id: 22
[INFO] Tests run: 5, Failures: 0, Errors: 0, Skipped: 0, Time elapsed: 25.27 s -- in com.vishal.hms_backend.integration.PatientControllerSecurityIT
[INFO] 
[INFO] Results:
[INFO] 
[INFO] Tests run: 5, Failures: 0, Errors: 0, Skipped: 0
[INFO] 
[INFO] ------------------------------------------------------------------------
[INFO] BUILD SUCCESS
[INFO] ------------------------------------------------------------------------
[INFO] Total time:  32.066 s
[INFO] Finished at: 2026-02-06T16:27:29+05:30
[INFO] ------------------------------------------------------------------------
